2026-07-27T22:04:38+00:00 body={params:[[from,http://example.com/test],[to,http://example.com/to],[vis_sig_x,79],[vis_sig_page,1],[doc_sha256,abc123def],[exp,1753372800],[nonce,a1b2c3d4],kid:test-key-1}
2026-07-27T22:04:38+00:00 decoded=null
2026-07-27T22:04:56+00:00 body={"params":[["from","http://example.com/test"],["to","http://example.com/to"],["vis_sig_x",79],["vis_sig_page",1],["doc_sha256","abc123def"],["exp",1753372800],["nonce","a1b2c3d4"],"kid":"test-key-1"}
2026-07-27T22:04:56+00:00 decoded=null
2026-07-27T22:06:09+00:00 body={params:[[from,http://localhost:8080/api.php?op=sample&codigo=abc123],[to,http://localhost:8080/api.php?op=sign_upload&codigo=abc123&user_id=testuser],[vis_sig_x,79],[vis_sig_page,1],[doc_sha256,abc123def456],[exp,1753372800],[nonce,a1b2c3d4e5f6g7h8]],kid:test-key-1}
2026-07-27T22:06:09+00:00 decoded=null
2026-07-27T22:06:53+00:00 body=﻿{"params":[["from","http://localhost:8080/api.php?op=sample&codigo=abc123"],["to","http://localhost:8080/api.php?op=sign_upload&codigo=abc123&user_id=testuser"],["vis_sig_x",79],["vis_sig_page",1],["doc_sha256","abc123def456"],["exp",1753372800],["nonce","a1b2c3d4e5f6g7h8"]],"kid":"test-key-1"}
2026-07-27T22:06:53+00:00 decoded=null
2026-07-27T22:12:02+00:00 body=﻿{"params":[["from","http://localhost:8080/api.php?op=sample&codigo=abc123"],["to","http://localhost:8080/api.php?op=sign_upload&codigo=abc123&user_id=testuser"],["vis_sig_x",79],["vis_sig_page",1],["doc_sha256","abc123def456"],["exp",1753372800],["nonce","a1b2c3d4e5f6g7h8"]],"kid":"test-key-1"}
2026-07-27T22:12:02+00:00 decoded=null
2026-07-27T22:13:23+00:00 body=﻿{"params":[["from","http://localhost:8080/api.php?op=sample&codigo=abc123"],["to","http://localhost:8080/api.php?op=sign_upload&codigo=abc123&user_id=testuser"],["vis_sig_x",79],["vis_sig_page",1],["doc_sha256","abc123def456"],["exp",1753372800],["nonce","a1b2c3d4e5f6g7h8"]],"kid":"test-key-1"}
2026-07-27T22:13:23+00:00 decoded=null
2026-07-27T22:13:41+00:00 body={"params":[["from","http://localhost:8080/api.php?op=sample&codigo=abc123"],["to","http://localhost:8080/api.php?op=sign_upload&codigo=abc123&user_id=testuser"],["vis_sig_x",79],["vis_sig_page",1],["doc_sha256","abc123def456"],["exp",1753372800],["nonce","a1b2c3d4e5f6g7h8"]],"kid":"test-key-1"}
2026-07-27T22:13:41+00:00 decoded={"params":[["from","http:\/\/localhost:8080\/api.php?op=sample&codigo=abc123"],["to","http:\/\/localhost:8080\/api.php?op=sign_upload&codigo=abc123&user_id=testuser"],["vis_sig_x",79],["vis_sig_page",1],["doc_sha256","abc123def456"],["exp",1753372800],["nonce","a1b2c3d4e5f6g7h8"]],"kid":"test-key-1"}
2026-07-27T22:15:23+00:00 body={params:[[from,http://localhost:8080/api.php?op=sample&codigo=abc123],[to,http://localhost:8080/api.php?op=sign_upload&codigo=abc123&user_id=testuser],[vis_sig_x,79],[vis_sig_page,1],[doc_sha256,abc123def456],[exp,1753372800],[nonce,a1b2c3d4e5f6g7h8]],kid:test-key-1}
2026-07-27T22:15:23+00:00 decoded=null
2026-07-27T22:15:36+00:00 body=﻿{"params":[["from","http://localhost:8080/api.php?op=sample&codigo=abc123"],["to","http://localhost:8080/api.php?op=sign_upload&codigo=abc123&user_id=testuser"],["vis_sig_x",79],["vis_sig_page",1],["doc_sha256","abc123def456"],["exp",1753372800],["nonce","a1b2c3d4e5f6g7h8"]],"kid":"test-key-1"}
2026-07-27T22:15:36+00:00 decoded=null
2026-07-27T22:15:41+00:00 body={"params":[["from","http://localhost:8080/api.php?op=sample&codigo=abc123"],["to","http://localhost:8080/api.php?op=sign_upload&codigo=abc123&user_id=testuser"],["vis_sig_x",79],["vis_sig_page",1],["doc_sha256","abc123def456"],["exp",1753372800],["nonce","a1b2c3d4e5f6g7h8"]],"kid":"test-key-1"}
2026-07-27T22:15:41+00:00 decoded={"params":[["from","http:\/\/localhost:8080\/api.php?op=sample&codigo=abc123"],["to","http:\/\/localhost:8080\/api.php?op=sign_upload&codigo=abc123&user_id=testuser"],["vis_sig_x",79],["vis_sig_page",1],["doc_sha256","abc123def456"],["exp",1753372800],["nonce","a1b2c3d4e5f6g7h8"]],"kid":"test-key-1"}
2026-07-27T22:18:03+00:00 body={"params":[["from","http://localhost:8080/api.php?op=sample&codigo=abc123"],["to","http://localhost:8080/api.php?op=sign_upload&codigo=abc123&user_id=testuser"],["vis_sig_x",79],["vis_sig_page",1],["doc_sha256","abc123def456"],["exp",1753372800],["nonce","a1b2c3d4e5f6g7h8"]],"kid":"test-key-1"}
2026-07-27T22:18:03+00:00 decoded={"params":[["from","http:\/\/localhost:8080\/api.php?op=sample&codigo=abc123"],["to","http:\/\/localhost:8080\/api.php?op=sign_upload&codigo=abc123&user_id=testuser"],["vis_sig_x",79],["vis_sig_page",1],["doc_sha256","abc123def456"],["exp",1753372800],["nonce","a1b2c3d4e5f6g7h8"]],"kid":"test-key-1"}
2026-07-27T22:19:02+00:00 body={"params":[["from","http://localhost:8080/api.php?op=sample&codigo=abc123"],["to","http://localhost:8080/api.php?op=sign_upload&codigo=abc123&user_id=testuser"],["vis_sig_x",79],["vis_sig_page",1],["doc_sha256","abc123def456"],["exp",1753372800],["nonce","a1b2c3d4e5f6g7h8"]],"kid":"test-key-1"}
2026-07-27T22:19:02+00:00 decoded={"params":[["from","http:\/\/localhost:8080\/api.php?op=sample&codigo=abc123"],["to","http:\/\/localhost:8080\/api.php?op=sign_upload&codigo=abc123&user_id=testuser"],["vis_sig_x",79],["vis_sig_page",1],["doc_sha256","abc123def456"],["exp",1753372800],["nonce","a1b2c3d4e5f6g7h8"]],"kid":"test-key-1"}
2026-07-27T22:30:12+00:00 body={params:[[from,http://localhost:8080/api.php?op=sample&codigo=abc123],[to,http://localhost:8080/api.php?op=sign_upload&codigo=abc123&user_id=testuser],[vis_sig_x,79],[vis_sig_page,1],[doc_sha256,abc123def456],[exp,1753372800],[nonce,a1b2c3d4e5f6g7h8]],kid:test-key-1}
2026-07-27T22:30:12+00:00 decoded=null
2026-07-27T22:30:43+00:00 body={"params":[["from","http://localhost:8080/api.php?op=sample&codigo=abc123"],["to","http://localhost:8080/api.php?op=sign_upload&codigo=abc123&user_id=testuser"],["vis_sig_x",79],["vis_sig_page",1],["doc_sha256","abc123def456"],["exp",1753372800],["nonce","a1b2c3d4e5f6g7h8"]],"kid":"test-key-1"}
2026-07-27T22:30:43+00:00 decoded={"params":[["from","http:\/\/localhost:8080\/api.php?op=sample&codigo=abc123"],["to","http:\/\/localhost:8080\/api.php?op=sign_upload&codigo=abc123&user_id=testuser"],["vis_sig_x",79],["vis_sig_page",1],["doc_sha256","abc123def456"],["exp",1753372800],["nonce","a1b2c3d4e5f6g7h8"]],"kid":"test-key-1"}
2026-07-27T23:20:00+00:00 body={params:[[from,http://localhost:8080/api.php?op=sample&codigo=346db3fb-9c32-4af7-a44e-9aa741699d19],[to,http://localhost:8080/api.php?op=sign_upload&codigo=346db3fb-9c32-4af7-a44e-9aa741699d19&user_id=testuser],[vis_sig_x,340],[vis_sig_y,693],[vis_sig_width,155],[vis_sig_height,55],[vis_sig_page,1],[vis_sig_text_size,10],[vis_sig_text,Firmado por: {name}\nFecha: {date}],[doc_sha256,439baf0b5c2eb5667351f936c5c234b11a2393bb535ca0339baa6a8d138ddd32],[nonce,cb6f8264fa46902c7bfd993dcfdb863a],[exp,1785195227],[kid,default]],kid:default,privateKeyPath:/var/www/html/signer_keys/private.pem}
2026-07-27T23:20:00+00:00 decoded=null
